// Jest Snapshot v1, https://goo.gl/fbAQLP

exports[`<FilterPopover /> deve corresponder ao snapshot 1`] = `
<DocumentFragment>
  <button
    aria-controls="popover::r1::content"
    aria-expanded="false"
    aria-haspopup="dialog"
    class="flex items-center justify-center gap-2 rounded-lg text-base font-medium transition bg-green-950 px-4 py-2.5 enabled:hover:bg-green-800 disabled:bg-gray-400 disabled:text-gray-700 chakra-popover__trigger css-0"
    data-part="trigger"
    data-scope="popover"
    data-state="closed"
    data-testid="trigger-button"
    dir="ltr"
    id="popover::r1::trigger"
    type="button"
  >
    <span
      class="whitespace-nowrap text-base"
    >
      Abrir Filtro
    </span>
  </button>
</DocumentFragment>
`;
